main.c:73:6:Receive_Data_With_Protocol	8	static
main.c:134:6:HAL_UART_RxCpltCallback	16	static
main.c:140:6:Lora_Temp_Reception	16	static
main.c:147:6:Lora_Temp_Data_Transmision	8	static
main.c:155:6:Set_Pin_Output	40	static
main.c:164:6:Set_Pin_Input	40	static
main.c:173:6:delay	16	static
main.c:179:9:HX711_value	32	static
main.c:214:9:DS18B20_Start	16	static
main.c:232:6:DS18B20_Write	24	static
main.c:264:9:DS18B20_Read	16	static
main.c:295:5:main	16	static
main.c:434:6:USART1_IRQHandler	8	static
main.c:450:6:USART2_IRQHandler	8	static
main.c:470:6:UART5_IRQHandler	8	static
main.c:488:6:SystemClock_Config	232	static
main.c:551:13:MX_ADC1_Init	48	static
main.c:615:13:MX_I2C1_Init	8	static
main.c:661:13:MX_TIM1_Init	40	static
main.c:708:13:MX_UART5_Init	8	static
main.c:743:13:MX_USART1_UART_Init	8	static
main.c:778:13:MX_USART2_UART_Init	8	static
main.c:813:13:MX_GPIO_Init	48	static
main.c:865:6:Error_Handler	4	static,ignoring_inline_asm
